<?xml version="1.0" encoding="UTF-8"?>
<dataset>
	<CT_PEDIDO
		CTCDPEDIDO="1"
		CTCDCLIENTE="1"
		CTDATA="[DATAINCLUSAO]"
		CTVALOR="[NULL]"/>
		
</dataset>
